---
layout: post
title: "深入理解Java虚拟机"
date: 2016-08-20 14:32:48
description: "深入理解Java虚拟机"
categories:
- Java
permalink: jvm
---

### 运行时数据区域

#### 程序计数器

```vim
程序计数器是一块较小的内存空间，它可以看作是当前线程所执行的字节码的行号指示器。
由于Java虚拟机的多线程是通过线程轮流切换并分配处理执行事件的方式来实现的，在任何一个确定的时刻，一个处理器都只会执行一条线程中的指令。
因此，为了线程切换后能恢复到正确的执行位置，每条线程都需要有一个独立的程序计数器，各条线程之间计数器互不影响，独立存储，我们称这类内存
为“线程私有”的内存。（此内存区域是唯一一个在Java虚拟机规范中没有规定任何OutOfMemoryError情况的区域）
```

#### Java虚拟机栈

```vim
与程序计数器一样，Java虚拟机栈也是线程私有的。它的生命周期与线程相同。
每个方法在执行时都会创建一个栈帧用于存储局部变量表、操作数栈、动态链接、方法出口等信息。
每个方法从调用直至执行完成的过程，就对应着一个栈帧在虚拟机栈中入栈到出栈的过程。

局部变量表存放了编译期可知的各种基本类型（boolean、byte、char、short、int、float、long、double）、对象引用（reference类型，
它不同于对象本身，可能是一个指向对象起始地址的引用指针，也可能是指向一个代表对象的句柄或者其他与此对象相关的位置）和returnAddress类型（
指向了一条字节码指令的地址）。

局部变量表所需的内存空间在编译期间完成分配，当进入一个方法时，这个方法需要在帧中分配多大的局部变量空间是完全确定的，在方法运行期间不会改变局部
变量表的大小。

如果线程请求的栈深度大于虚拟机所允许的深度，将抛出StackOverflowError异常。
如果虚拟机可以动态扩展时无法申请到足够的内存，就会抛出OutOfMemoryError异常。
```

#### 本地方法栈

```vim
与虚拟机栈所发挥的作用是非常相似的，它们之间的区别不过是虚拟机栈为执行Java方法（也就是字节码）服务，而本地方法栈则为虚拟机使用到的Native方法
服务。

本地方法栈区域也会抛出StackOverflowError和OutOfMemoryError异常。
```

#### Java堆

```vim
Java堆是Java虚拟机所管理的内存中最大的一块，也是被所有线程共享的一块内存区域。
所有的对象实例以及数组都要在堆上分配。

Java堆中还可以细分为：新生代和老年代；再细致一点的有Eden空间、From Survivor空间、To Survivor空间等。

如果在堆中没有内存完成实例分配，并且堆也无法再扩展时，将会抛出OutOfMemoryError异常。
```

#### 方法区

```vim
与Java堆一样，是各个线程共享的内存区域，它用于存储已被虚拟机加载的类信息、常量、静态变量、即时编译器编译后的代码等数据。
```

#### 运行时常量池

```vim
也是方法区的一部分。Class文件中除了有类的版本、字段、方法、接口等描述信息外，还有一项信息常量池，用于存放编译期生成的各种
字面量和符号引用，这部分内容将在类加载后进入方法区的运行时常量池存放。
```

#### 直接内存

```vim
并不是虚拟机运行时数据区的一部分，也不是Java虚拟机规范中定义的内存区域。但是这部分内存也被频繁地使用，而且也可能导致OutOfMemoryError异常出现。
```

### 理解GC日志

```vim
[GC [PSYoungGen: 7301K->632K(9216K)] 7301K->6776K(19456K), 0.0033336 secs] [Times: user=0.01 sys=0.02, real=0.00 secs] 
[Full GC [PSYoungGen: 632K->0K(9216K)] [ParOldGen: 6144K->6701K(10240K)] 6776K->6701K(19456K) [PSPermGen: 2851K->2850K(21504K)], 0.0140722 secs] [Times: user=0.00 sys=0.00, real=0.01 secs] 
Heap
 PSYoungGen      total 9216K, used 2541K [0x00000000ff600000, 0x0000000100000000, 0x0000000100000000)
  eden space 8192K, 31% used [0x00000000ff600000,0x00000000ff87b6b0,0x00000000ffe00000)
  from space 1024K, 0% used [0x00000000ffe00000,0x00000000ffe00000,0x00000000fff00000)
  to   space 1024K, 0% used [0x00000000fff00000,0x00000000fff00000,0x0000000100000000)
 ParOldGen       total 10240K, used 6701K [0x00000000fec00000, 0x00000000ff600000, 0x00000000ff600000)
  object space 10240K, 65% used [0x00000000fec00000,0x00000000ff28b6f8,0x00000000ff600000)
 PSPermGen       total 21504K, used 2879K [0x00000000f9a00000, 0x00000000faf00000, 0x00000000fec00000)
  object space 21504K, 13% used [0x00000000f9a00000,0x00000000f9ccfe10,0x00000000faf00000)
```

```vim
GC日志开头的“[GC”和“[Full GC”说明了这次垃圾收集的停顿类型，而不是用来区分新生代GC还是老年代GC的。
如果有“Full”，说明这次GC是发生了“Stop The World”的。

接下来的“[PSYoungGen”、“[ParOldGen”、“[PSPermGen”表示GC发生的区域，这里显示的区域名称与使用的GC收集器是密切相关的。
后面方括号内部的“7301K->632K(9216K)”含义是“GC前该内存区域已使用容量->GC后该内存区域已使用容量(该内存区域总容量)”
而在方括号之外的“7301K->6776K(19456K)”表示“GC前Java堆已使用容量->GC后Java堆已使用容量(Java堆总容量)”

再往后，“0.0033336 secs”表示该内存区域GC所占用的时间，单位是秒。更具体的时间数据“[Times: user=0.01 sys=0.02, real=0.00 secs]”，
这里的user、sys和real与Linux的time命令所输出的时间含义一致，分别表示用户态消耗的CPU时间、内核态消耗的CPU时间和操作从开始到结束所经过
的墙钟时间。

CPU时间和墙钟时间的区别是：墙钟时间包括各种非运算的等待耗时，例如等待磁盘I/O、等待线程阻塞，而CPU时间不包括这些耗时，但当系统有多CPU
或者多核的话，多线程操作会叠加这些CPU时间，所以user和sys时间超过real时间是完全正常的。
```

### HotSopt虚拟机主要参数

#### 内存管理参数

```vim
-Xss10M 栈容量
-Xms20M 堆容量最小值
-Xmx20M 堆容量最大值
-Xmn10M 新生代容量
-XX:SurvivorRatio=8 新生代中Eden区域与Survivor区域的比值
-XX:PermSize=64M 方法区容量最小值
-XX:MaxPermSize=64M 方法区容量最大值
-XX:PertenureSizeThreshold 直接晋升到老年代的对象大小，设置这个参数后，大于这个参数的对象将直接在老年代分配。
-XX：MaxTenuringThreshold 晋升到老年代的对象年龄。每个对象在坚持过一次Minor GC之后，年龄就增加1，当超过这个参数值时就会进入老年代。
(最小值与最大值设置为一样即可避免自动扩展)
```
#### 调式参数

```vim
-XX:+HeapDumpOnOutOfMemoryError 在发生内存溢出异常时是否生成堆转储快照，关闭不生成。默认关闭。
-XX:+PrintGCDetails 打印GC详细信息
```
